Microchip MPLAB XC8 Compiler V1.45 ()

Linker command line:

-W-3 --edf=C:\Program Files (x86)\Microchip\xc8\v1.45\dat\en_msgs.txt -cs \
  -h+dist/default/production\Chabi.production.sym \
  --cmf=dist/default/production\Chabi.production.cmf -z -Q10LF322 \
  -oC:\Users\DEBOJY~1\AppData\Local\Temp\s9u8.2 \
  -Mdist/default/production/Chabi.production.map -E1 -ver=XC8 \
  -ASTACK=05Ah-07dh -pstack=STACK -ACODE=00h-01FFh -ASTRCODE=00h-01FFh \
  -ASTRING=00h-0FFhx2 -ACONST=00h-0FFhx2 -AENTRY=00h-0FFhx2 \
  -ABANK0=040h-07Dh -ARAM=040h-07Dh -AABS1=040h-07Fh -ACOMMON=07Eh-07Fh \
  -ASFR0=00h-03Fh -preset_vec=00h,intentry,init,end_init -ppowerup=CODE \
  -pcinit=CODE -pfunctab=ENTRY -ACONFIG=02007h-02007h -pconfig=CONFIG \
  -DCONFIG=2 -AIDLOC=02000h-02003h -pidloc=IDLOC -DIDLOC=2 -DCODE=2 \
  -DSTRCODE=2 -DSTRING=2 -DCONST=2 -DENTRY=2 -k \
  C:\Users\DEBOJY~1\AppData\Local\Temp\s9u8.obj \
  dist/default/production\Chabi.production.obj 

Object code version is 3.11

Machine type is 10LF322



                Name                               Link     Load   Length Selector   Space Scale
C:\Users\DEBOJY~1\AppData\Local\Temp\s9u8.obj
                end_init                              0        0        1        0       0
                config                             2007     2007        1     400E       0
dist/default/production\Chabi.production.obj
                cinit                               1FA      1FA        6      3F4       0
                text3                                2B       2B        D       56       0
                text2                                20       20        B       40       0
                text1                                38       38       77       70       0
                maintext                             AF       AF      14B      15E       0
                cstackBANK0                          40       40        E       40       1
                clrtext                              18       18        8       30       0
                bssBANK0                             4E       4E        C       40       1

TOTAL           Name                               Link     Load   Length     Space
        CLASS   STACK          

        CLASS   CODE           
                end_init                              0        0        1         0
                cinit                               1FA      1FA        6         0
                text3                                2B       2B        D         0
                text2                                20       20        B         0
                text1                                38       38       77         0
                maintext                             AF       AF      14B         0
                clrtext                              18       18        8         0

        CLASS   STRCODE        

        CLASS   STRING         

        CLASS   CONST          

        CLASS   ENTRY          

        CLASS   BANK0          
                cstackBANK0                          40       40        E         1
                bssBANK0                             4E       4E        C         1

        CLASS   RAM            

        CLASS   ABS1           
                abs_s1                               7E       7E        2         1

        CLASS   COMMON         

        CLASS   SFR0           

        CLASS   CONFIG         
                config                             2007     2007        1         0

        CLASS   IDLOC          

        CLASS   EEDATA         



SEGMENTS        Name                           Load    Length   Top    Selector   Space  Class     Delta

                reset_vec                      000000  000001  000001         0       0  CODE        2
                clrtext                        000018  000008  000020        30       0  CODE        2
                cstackBANK0                    000040  00001A  00005A        40       1  BANK0       1
                text2                          000020  00000B  00002B        40       0  CODE        2
                text3                          00002B  00000D  000038        56       0  CODE        2
                text1                          000038  000077  0000AF        70       0  CODE        2
                maintext                       0000AF  00014B  0001FA       15E       0  CODE        2
                cinit                          0001FA  000006  000200       3F4       0  CODE        2
                config                         002007  000001  002008      400E       0  CONFIG      2


UNUSED ADDRESS RANGES

        Name                Unused          Largest block    Delta
        BANK0            005A-007D             24           1
        CODE             0001-0017             17           2
        CONST            0001-0017             17           2
        ENTRY            0001-0017             17           2
        IDLOC            2000-2003              4           2
        RAM              005A-007D             24           1
        SFR0             0000-003F             40           1
        STACK            005A-007D             24           1
        STRCODE          0001-0017             17           2
        STRING           0001-0017             17           2

                                  Symbol Table

_ADCON                                              (abs)       001F
_ANSELA                                             (abs)       0008
_FVRCON                                             (abs)       001D
_INTCONbits                                         (abs)       000B
_LATAbits                                           (abs)       0007
_OSCCON                                             (abs)       0010
_TRISAbits                                          (abs)       0006
_Txmt_Break                                         text3       002B
_Txmt_Initialize                                    text2       0020
_WDTCON                                             (abs)       0030
_WPUA                                               (abs)       0009
__CFG_BOREN$OFF                                     (abs)       0000
__CFG_BORV$LO                                       (abs)       0000
__CFG_CP$OFF                                        (abs)       0000
__CFG_FOSC$INTOSC                                   (abs)       0000
__CFG_LPBOR$OFF                                     (abs)       0000
__CFG_LVP$ON                                        (abs)       0000
__CFG_MCLRE$ON                                      (abs)       0000
__CFG_PWRTE$OFF                                     (abs)       0000
__CFG_WDTE$SWDTEN                                   (abs)       0000
__CFG_WRT$OFF                                       (abs)       0000
__Habs1                                             abs1        0000
__Hbank0                                            bank0       0000
__HbssBANK0                                         bssBANK0    0000
__Hcinit                                            cinit       0200
__Hclrtext                                          clrtext     0000
__Hcode                                             code        0000
__Hcommon                                           common      0000
__Hconfig                                           config      2008
__HcstackBANK0                                      cstackBANK0 0000
__Heeprom_data                                      eeprom_data 0000
__Hend_init                                         end_init    0001
__Hfunctab                                          functab     0000
__Hidloc                                            idloc       0000
__Hinit                                             init        0000
__Hintentry                                         intentry    0000
__Hmaintext                                         maintext    0000
__Hpowerup                                          powerup     0000
__Hram                                              ram         0000
__Hreset_vec                                        reset_vec   0000
__Hsfr0                                             sfr0        0000
__Hspace_0                                          (abs)       2008
__Hspace_1                                          (abs)       005A
__Hspace_2                                          (abs)       0000
__Hspace_3                                          (abs)       0000
__Hstack                                            stack       0000
__Hstrings                                          strings     0000
__Htext                                             text        0000
__Labs1                                             abs1        0000
__Lbank0                                            bank0       0000
__LbssBANK0                                         bssBANK0    0000
__Lcinit                                            cinit       01FA
__Lclrtext                                          clrtext     0000
__Lcode                                             code        0000
__Lcommon                                           common      0000
__Lconfig                                           config      2007
__LcstackBANK0                                      cstackBANK0 0000
__Leeprom_data                                      eeprom_data 0000
__Lend_init                                         end_init    0000
__Lfunctab                                          functab     0000
__Lidloc                                            idloc       0000
__Linit                                             init        0000
__Lintentry                                         intentry    0000
__Lmaintext                                         maintext    0000
__Lpowerup                                          powerup     0000
__Lram                                              ram         0000
__Lreset_vec                                        reset_vec   0000
__Lsfr0                                             sfr0        0000
__Lspace_0                                          (abs)       0000
__Lspace_1                                          (abs)       0000
__Lspace_2                                          (abs)       0000
__Lspace_3                                          (abs)       0000
__Lstack                                            stack       0000
__Lstrings                                          strings     0000
__Ltext                                             text        0000
__S0                                                (abs)       2008
__S1                                                (abs)       005A
__S2                                                (abs)       0000
___int_sp                                           stack       0000
___latbits                                          (abs)       0000
___sp                                               stack       0000
__end_of_Txmt_Break                                 text3       0038
__end_of_Txmt_Initialize                            text2       002B
__end_of__initialization                            cinit       01FE
__end_of_constructTxBytesOfManchesterPulses         text1       00AF
__end_of_main                                       maintext    01FA
__initialization                                    cinit       01FA
__pbssBANK0                                         bssBANK0    004E
__pcstackBANK0                                      cstackBANK0 0040
__pmaintext                                         maintext    00AF
__ptext1                                            text1       0038
__ptext2                                            text2       0020
__ptext3                                            text3       002B
__size_of_Txmt_Break                                (abs)       0000
__size_of_Txmt_Initialize                           (abs)       0000
__size_of_constructTxBytesOfManchesterPulses        (abs)       0000
__size_of_main                                      (abs)       0000
_constructTxBytesOfManchesterPulses                 text1       0038
_gKeyCode                                           bssBANK0    0056
_gKeyCodeManchester                                 bssBANK0    004E
_main                                               maintext    00AF
btemp                                               (abs)       007E
clear_ram0                                          clrtext     0018
constructTxBytesOfManchesterPulses@bitIndex         cstackBANK0 0041
constructTxBytesOfManchesterPulses@codeBitByteIndex cstackBANK0 0042
end_of_initialization                               cinit       01FE
intlevel0                                           functab     0000
intlevel1                                           functab     0000
intlevel2                                           functab     0000
intlevel3                                           functab     0000
intlevel4                                           functab     0000
intlevel5                                           functab     0000
main@tempManByte                                    cstackBANK0 0044
main@txmtManCodeBitIndex                            cstackBANK0 004D
main@txmtManCodeByteIndex                           cstackBANK0 004C
reset_vec                                           reset_vec   0000
stackhi                                             (abs)       0000
stacklo                                             (abs)       0000
start                                               init        0000
start_initialization                                cinit       01FA
wtemp0                                              (abs)       007E


FUNCTION INFORMATION:

 *************** function _main *****************
 Defined at:
		line 17 in file "main.c"
 Parameters:    Size  Location     Type
		None
 Auto vars:     Size  Location     Type
  tempManByte     8    4[BANK0 ] unsigned char [8]
  txmtManCodeB    1   13[BANK0 ] unsigned char 
  txmtManCodeB    1   12[BANK0 ] unsigned char 
 Return value:  Size  Location     Type
                  1    wreg      void 
 Registers used:
		wreg, fsr0l, fsr0h, status,2, status,0, pclath, cstack
 Tracked objects:
		On entry : 
		On exit  : 
		Unchanged: 
 Data sizes:     COMMON   BANK0
      Params:         0       0
      Locals:         0      10
      Temps:          0       1
      Totals:         0      11
Total ram usage:       11 bytes
 Hardware stack levels required when called:    1
 This function calls:
		_Txmt_Break
		_Txmt_Initialize
		_constructTxBytesOfManchesterPulses
 This function is called by:
		Startup code after reset
 This function uses a non-reentrant model


 *************** function _constructTxBytesOfManchesterPulses *****************
 Defined at:
		line 36 in file "txmit.c"
 Parameters:    Size  Location     Type
		None
 Auto vars:     Size  Location     Type
  codeBitByteI    1    2[BANK0 ] unsigned char 
  bitIndex        1    1[BANK0 ] unsigned char 
 Return value:  Size  Location     Type
                  1    wreg      void 
 Registers used:
		wreg, fsr0l, fsr0h, status,2, status,0
 Tracked objects:
		On entry : 
		On exit  : 
		Unchanged: 
 Data sizes:     COMMON   BANK0
      Params:         0       0
      Locals:         0       2
      Temps:          0       1
      Totals:         0       3
Total ram usage:        3 bytes
 Hardware stack levels used:    1
 This function calls:
		Nothing
 This function is called by:
		_main
 This function uses a non-reentrant model


 *************** function _Txmt_Initialize *****************
 Defined at:
		line 21 in file "txmit.c"
 Parameters:    Size  Location     Type
		None
 Auto vars:     Size  Location     Type
		None
 Return value:  Size  Location     Type
                  1    wreg      void 
 Registers used:
		wreg, status,2
 Tracked objects:
		On entry : 
		On exit  : 
		Unchanged: 
 Data sizes:     COMMON   BANK0
      Params:         0       0
      Locals:         0       0
      Temps:          0       1
      Totals:         0       1
Total ram usage:        1 bytes
 Hardware stack levels used:    1
 This function calls:
		Nothing
 This function is called by:
		_main
 This function uses a non-reentrant model


 *************** function _Txmt_Break *****************
 Defined at:
		line 82 in file "txmit.c"
 Parameters:    Size  Location     Type
		None
 Auto vars:     Size  Location     Type
		None
 Return value:  Size  Location     Type
                  1    wreg      void 
 Registers used:
		wreg
 Tracked objects:
		On entry : 
		On exit  : 
		Unchanged: 
 Data sizes:     COMMON   BANK0
      Params:         0       0
      Locals:         0       0
      Temps:          0       1
      Totals:         0       1
Total ram usage:        1 bytes
 Hardware stack levels used:    1
 This function calls:
		Nothing
 This function is called by:
		_main
 This function uses a non-reentrant model



MODULE INFORMATION

Module		Function		Class		Link	Load	Size
txmit.c
		_Txmt_Break    		CODE           	002B	0000	14
		_Txmt_Initialize		CODE           	0020	0000	12
		_constructTxBytesOfManchesterPulses		CODE           	0038	0000	120

txmit.c estimated size: 146

shared
		__initialization		CODE           	01FA	0000	5

shared estimated size: 5

main.c
		_main          		CODE           	00AF	0000	332

main.c estimated size: 332

